// Jest Snapshot v1, https://goo.gl/fbAQLP

exports[`Componenet renders correctly 1`] = `
<div>
  <h1>
    Mathematics is not about numbers, equations, computations, or algorithms: it is about understanding. â€“William Paul ThurstonHomeCalculatorQuote
  </h1>
</div>
`;
